// Jest Snapshot v1, https://goo.gl/fbAQLP

exports[`caseToCase isCamelCase 1`] = `true`;

exports[`caseToCase isCapitalizeCase 1`] = `true`;

exports[`caseToCase isLowerCase 1`] = `true`;

exports[`caseToCase isLowerKebabCase 1`] = `true`;

exports[`caseToCase isLowerSnakeCase 1`] = `true`;

exports[`caseToCase isPascalCase 1`] = `true`;

exports[`caseToCase isUpperCase 1`] = `true`;

exports[`caseToCase isUpperKebabCase 1`] = `true`;

exports[`caseToCase isUpperSnakeCase 1`] = `true`;

exports[`caseToCase toCamelCase 1`] = `"camelCase"`;

exports[`caseToCase toCapitalizeCase 1`] = `"Capitalizecase"`;

exports[`caseToCase toLowerCase 1`] = `"lowercase"`;

exports[`caseToCase toLowerKebabCase 1`] = `"lower-kebab-case"`;

exports[`caseToCase toLowerSnakeCase 1`] = `"lower_snake_case"`;

exports[`caseToCase toPascalCase 1`] = `"PascalCase"`;

exports[`caseToCase toUpperCase 1`] = `"UPPERCASE"`;

exports[`caseToCase toUpperKebabCase 1`] = `"UPPER-KEBAB-CASE"`;

exports[`caseToCase toUpperSnakeCase 1`] = `"UPPER_SNAKE_CASE"`;
